
> my-v0-project@0.1.0 build
> next build

   Γû▓ Next.js 15.2.4

   Creating an optimized production build ...
 Γ£ô Compiled successfully
   Linting and checking validity of types ...
node.exe : 
At C:\Users\abhis\Ap
pData\Roaming\npm\np
m.ps1:24 char:5
+     & "node$exe"  
"$basedir/node_modul
es/npm/bin/npm-cli.j
s" $args
+     ~~~~~~~~~~~~~~
~~~~~~~~~~~~~~~~~~~~
~~~~~~~~~~~~~~~~~~~~
~~~~~~~~
    + CategoryInfo  
            : NotS  
  pecified: (:Str   
 ing) [], Remote    
Exception
    + FullyQualifie 
   dErrorId : Nati  
  veCommandError
 
Failed to compile.

./app/capabilities/p
age.tsx
10:13  Warning: 
Using `<img>` could 
result in slower 
LCP and higher 
bandwidth. Consider 
using `<Image />` 
from `next/image` 
to automatically 
optimize images. 
This may incur 
additional usage or 
cost from your 
provider. See: https
://nextjs.org/docs/m
essages/no-img-eleme
nt  @next/next/no-im
g-element
19:158  Error: `'` 
can be escaped with 
`&apos;`, 
`&lsquo;`, `&#39;`, 
`&rsquo;`.  react/no
-unescaped-entities

./app/contact/page.t
sx
38:18  Error: `'` 
can be escaped with 
`&apos;`, 
`&lsquo;`, `&#39;`, 
`&rsquo;`.  react/no
-unescaped-entities
52:17  Warning: 
Using `<img>` could 
result in slower 
LCP and higher 
bandwidth. Consider 
using `<Image />` 
from `next/image` 
to automatically 
optimize images. 
This may incur 
additional usage or 
cost from your 
provider. See: https
://nextjs.org/docs/m
essages/no-img-eleme
nt  @next/next/no-im
g-element
63:17  Error: `"` 
can be escaped with 
`&quot;`, 
`&ldquo;`, `&#34;`, 
`&rdquo;`.  react/no
-unescaped-entities
63:24  Error: `'` 
can be escaped with 
`&apos;`, 
`&lsquo;`, `&#39;`, 
`&rsquo;`.  react/no
-unescaped-entities
63:108  Error: `"` 
can be escaped with 
`&quot;`, 
`&ldquo;`, `&#34;`, 
`&rdquo;`.  react/no
-unescaped-entities
80:48  Error: `'` 
can be escaped with 
`&apos;`, 
`&lsquo;`, `&#39;`, 
`&rsquo;`.  react/no
-unescaped-entities

./app/services/page.
tsx
71:19  Error: `'` 
can be escaped with 
`&apos;`, 
`&lsquo;`, `&#39;`, 
`&rsquo;`.  react/no
-unescaped-entities
84:45  Error: `'` 
can be escaped with 
`&apos;`, 
`&lsquo;`, `&#39;`, 
`&rsquo;`.  react/no
-unescaped-entities

./components/capabil
ities-lab.tsx
139:73  Error: `'` 
can be escaped with 
`&apos;`, 
`&lsquo;`, `&#39;`, 
`&rsquo;`.  react/no
-unescaped-entities
183:23  Warning: 
Using `<img>` could 
result in slower 
LCP and higher 
bandwidth. Consider 
using `<Image />` 
from `next/image` 
to automatically 
optimize images. 
This may incur 
additional usage or 
cost from your 
provider. See: https
://nextjs.org/docs/m
essages/no-img-eleme
nt  @next/next/no-im
g-element
218:18  Error: `'` 
can be escaped with 
`&apos;`, 
`&lsquo;`, `&#39;`, 
`&rsquo;`.  react/no
-unescaped-entities
218:71  Error: `'` 
can be escaped with 
`&apos;`, 
`&lsquo;`, `&#39;`, 
`&rsquo;`.  react/no
-unescaped-entities
219:25  Error: `'` 
can be escaped with 
`&apos;`, 
`&lsquo;`, `&#39;`, 
`&rsquo;`.  react/no
-unescaped-entities

./components/case-st
udies-section.tsx
85:64  Error: `'` 
can be escaped with 
`&apos;`, 
`&lsquo;`, `&#39;`, 
`&rsquo;`.  react/no
-unescaped-entities
85:73  Error: `'` 
can be escaped with 
`&apos;`, 
`&lsquo;`, `&#39;`, 
`&rsquo;`.  react/no
-unescaped-entities
183:23  Warning: 
Using `<img>` could 
result in slower 
LCP and higher 
bandwidth. Consider 
using `<Image />` 
from `next/image` 
to automatically 
optimize images. 
This may incur 
additional usage or 
cost from your 
provider. See: https
://nextjs.org/docs/m
essages/no-img-eleme
nt  @next/next/no-im
g-element

./components/contact
-section.tsx
116:45  Error: `'` 
can be escaped with 
`&apos;`, 
`&lsquo;`, `&#39;`, 
`&rsquo;`.  react/no
-unescaped-entities
139:66  Error: `'` 
can be escaped with 
`&apos;`, 
`&lsquo;`, `&#39;`, 
`&rsquo;`.  react/no
-unescaped-entities
147:95  Error: `'` 
can be escaped with 
`&apos;`, 
`&lsquo;`, `&#39;`, 
`&rsquo;`.  react/no
-unescaped-entities
159:67  Error: `'` 
can be escaped with 
`&apos;`, 
`&lsquo;`, `&#39;`, 
`&rsquo;`.  react/no
-unescaped-entities
223:51  Error: `'` 
can be escaped with 
`&apos;`, 
`&lsquo;`, `&#39;`, 
`&rsquo;`.  react/no
-unescaped-entities

./components/hero-pa
rallax.tsx
227:9  Warning: 
Using `<img>` could 
result in slower 
LCP and higher 
bandwidth. Consider 
using `<Image />` 
from `next/image` 
to automatically 
optimize images. 
This may incur 
additional usage or 
cost from your 
provider. See: https
://nextjs.org/docs/m
essages/no-img-eleme
nt  @next/next/no-im
g-element

./components/hero-se
ction.tsx
45:13  Warning: 
Using `<img>` could 
result in slower 
LCP and higher 
bandwidth. Consider 
using `<Image />` 
from `next/image` 
to automatically 
optimize images. 
This may incur 
additional usage or 
cost from your 
provider. See: https
://nextjs.org/docs/m
essages/no-img-eleme
nt  @next/next/no-im
g-element
94:16  Error: `'` 
can be escaped with 
`&apos;`, 
`&lsquo;`, `&#39;`, 
`&rsquo;`.  react/no
-unescaped-entities

./components/navigat
ion.tsx
63:14  Error: `'` 
can be escaped with 
`&apos;`, 
`&lsquo;`, `&#39;`, 
`&rsquo;`.  react/no
-unescaped-entities
101:18  Error: `'` 
can be escaped with 
`&apos;`, 
`&lsquo;`, `&#39;`, 
`&rsquo;`.  react/no
-unescaped-entities

./components/service
s-section.tsx
77:59  Error: `'` 
can be escaped with 
`&apos;`, 
`&lsquo;`, `&#39;`, 
`&rsquo;`.  react/no
-unescaped-entities
151:18  Error: `'` 
can be escaped with 
`&apos;`, 
`&lsquo;`, `&#39;`, 
`&rsquo;`.  react/no
-unescaped-entities

./components/shared-
navigation.tsx
37:11  Warning: 
Using `<img>` could 
result in slower 
LCP and higher 
bandwidth. Consider 
using `<Image />` 
from `next/image` 
to automatically 
optimize images. 
This may incur 
additional usage or 
cost from your 
provider. See: https
://nextjs.org/docs/m
essages/no-img-eleme
nt  @next/next/no-im
g-element
94:16  Error: `'` 
can be escaped with 
`&apos;`, 
`&lsquo;`, `&#39;`, 
`&rsquo;`.  react/no
-unescaped-entities

./components/ui/3d-c
ard.tsx
125:6  Warning: 
React Hook 
useEffect has a 
missing dependency: 
'handleAnimations'. 
Either include it 
or remove the 
dependency array.  r
eact-hooks/exhaustiv
e-deps

./components/ui/infi
nite-moving-cards.ts
x
28:8  Warning: 
React Hook 
useEffect has a 
missing dependency: 
'addAnimation'. 
Either include it 
or remove the 
dependency array.  r
eact-hooks/exhaustiv
e-deps

./components/ui/Mobi
leNav.tsx
51:33  Warning: 
Using `<img>` could 
result in slower 
LCP and higher 
bandwidth. Consider 
using `<Image />` 
from `next/image` 
to automatically 
optimize images. 
This may incur 
additional usage or 
cost from your 
provider. See: https
://nextjs.org/docs/m
essages/no-img-eleme
nt  @next/next/no-im
g-element
93:40  Error: `'` 
can be escaped with 
`&apos;`, 
`&lsquo;`, `&#39;`, 
`&rsquo;`.  react/no
-unescaped-entities

./components/ui/Navb
ar.tsx
11:21  Warning: 
Using `<img>` could 
result in slower 
LCP and higher 
bandwidth. Consider 
using `<Image />` 
from `next/image` 
to automatically 
optimize images. 
This may incur 
additional usage or 
cost from your 
provider. See: https
://nextjs.org/docs/m
essages/no-img-eleme
nt  @next/next/no-im
g-element
25:28  Error: `'` 
can be escaped with 
`&apos;`, 
`&lsquo;`, `&#39;`, 
`&rsquo;`.  react/no
-unescaped-entities

./components/ui/Test
imonialCarousel.tsx
64:29  Error: `"` 
can be escaped with 
`&quot;`, 
`&ldquo;`, `&#34;`, 
`&rdquo;`.  react/no
-unescaped-entities
64:61  Error: `"` 
can be escaped with 
`&quot;`, 
`&ldquo;`, `&#34;`, 
`&rdquo;`.  react/no
-unescaped-entities

./components/ui/text
-generate-effect.tsx
26:6  Warning: 
React Hook 
useEffect has a 
missing dependency: 
'animate'. Either 
include it or 
remove the 
dependency array. 
Mutable values like 
'scope.current' 
aren't valid 
dependencies 
because mutating 
them doesn't 
re-render the 
component.  react-ho
oks/exhaustive-deps

info  - Need to 
disable some ESLint 
rules? Learn more 
here: https://nextjs
.org/docs/app/api-re
ference/config/eslin
t#disabling-rules
